// Jest Snapshot v1, https://goo.gl/fbAQLP

exports[`First snapshot test 1`] = `
<div>
  <div>
    <div
      className="Header-root-1"
    >
      <header
        className="MuiPaper-root-13 MuiPaper-elevation4-19 MuiAppBar-root-4 MuiAppBar-positionStatic-8 MuiAppBar-colorPrimary-11"
        style={
          Object {
            "backgroundColor": "#2D2E2E",
          }
        }
      >
        <div
          className="MuiToolbar-root-40 MuiToolbar-regular-42 MuiToolbar-gutters-41 Header-space-3"
        >
          <a
            className="Header-logo-2"
            href="/"
            onClick={[Function]}
          >
            Bluetwit
          </a>
          <div
            className="SearchForm-search-44"
          >
            <div
              className="SearchForm-searchIcon-45"
            >
              <svg
                aria-hidden="true"
                className="MuiSvgIcon-root-48"
                focusable="false"
                role="presentation"
                viewBox="0 0 24 24"
              >
                <path
                  d="M15.5 14h-.79l-.28-.27C15.41 12.59 16 11.11 16 9.5 16 5.91 13.09 3 9.5 3S3 5.91 3 9.5 5.91 16 9.5 16c1.61 0 3.09-.59 4.23-1.57l.27.28v.79l5 4.99L20.49 19l-4.99-5zm-6 0C7.01 14 5 11.99 5 9.5S7.01 5 9.5 5 14 7.01 14 9.5 11.99 14 9.5 14z"
                />
                <path
                  d="M0 0h24v24H0z"
                  fill="none"
                />
              </svg>
            </div>
            <div
              className="MuiInputBase-root-57 SearchForm-inputRoot-46"
              onClick={[Function]}
              onKeyPress={[Function]}
            >
              <input
                className="MuiInputBase-input-67 SearchForm-inputInput-47"
                onBlur={[Function]}
                onChange={[Function]}
                onFocus={[Function]}
                placeholder="Search user"
                type="text"
              />
            </div>
          </div>
          <div>
            <button
              aria-haspopup="true"
              className="MuiButtonBase-root-80 MuiIconButton-root-74 MuiIconButton-colorInherit-75"
              disabled={false}
              onBlur={[Function]}
              onClick={[Function]}
              onContextMenu={[Function]}
              onFocus={[Function]}
              onKeyDown={[Function]}
              onKeyUp={[Function]}
              onMouseDown={[Function]}
              onMouseLeave={[Function]}
              onMouseUp={[Function]}
              onTouchEnd={[Function]}
              onTouchMove={[Function]}
              onTouchStart={[Function]}
              tabIndex="0"
              type="button"
            >
              <span
                className="MuiIconButton-label-79"
              >
                <svg
                  aria-hidden="true"
                  className="MuiSvgIcon-root-48"
                  focusable="false"
                  role="presentation"
                  viewBox="0 0 24 24"
                >
                  <path
                    d="M0 0h24v24H0z"
                    fill="none"
                  />
                  <path
                    d="M12 8c1.1 0 2-.9 2-2s-.9-2-2-2-2 .9-2 2 .9 2 2 2zm0 2c-1.1 0-2 .9-2 2s.9 2 2 2 2-.9 2-2-.9-2-2-2zm0 6c-1.1 0-2 .9-2 2s.9 2 2 2 2-.9 2-2-.9-2-2-2z"
                  />
                </svg>
              </span>
              <span
                className="MuiTouchRipple-root-248"
              />
            </button>
          </div>
        </div>
      </header>
    </div>
    <div
      className="MuiGrid-container-87 MuiGrid-justify-xs-center-104"
    >
      <div
        className="MuiGrid-item-88 MuiGrid-grid-xs-12-127 MuiGrid-grid-sm-6-135"
        style={
          Object {
            "marginTop": 30,
          }
        }
      >
        <div>
          <div
            className="MuiPaper-root-13 MuiPaper-elevation2-17 MuiPaper-rounded-14"
            style={
              Object {
                "padding": 15,
              }
            }
          >
            <form
              onSubmit={[Function]}
            >
              <div
                className="MuiFormControl-root-186 Login-textField-184"
              >
                <label
                  className="MuiFormLabel-root-201 MuiInputLabel-root-190 MuiInputLabel-formControl-195 MuiInputLabel-animated-198"
                  data-shrink={false}
                >
                  Email
                </label>
                <div
                  className="MuiInputBase-root-57 MuiInput-root-208 MuiInput-underline-212 MuiInputBase-formControl-58 MuiInput-formControl-209"
                  onClick={[Function]}
                >
                  <input
                    aria-invalid={false}
                    className="MuiInputBase-input-67 MuiInput-input-216 MuiInputBase-inputType-70 MuiInput-inputType-219"
                    disabled={false}
                    name="email"
                    onBlur={[Function]}
                    onChange={[Function]}
                    onFocus={[Function]}
                    required={false}
                    type="email"
                    value=""
                  />
                </div>
                
              </div>
              <div
                className="MuiFormControl-root-186 Login-textField-184"
              >
                <label
                  className="MuiFormLabel-root-201 MuiInputLabel-root-190 MuiInputLabel-formControl-195 MuiInputLabel-animated-198"
                  data-shrink={false}
                >
                  Password
                </label>
                <div
                  className="MuiInputBase-root-57 MuiInput-root-208 MuiInput-underline-212 MuiInputBase-formControl-58 MuiInput-formControl-209"
                  onClick={[Function]}
                >
                  <input
                    aria-invalid={false}
                    className="MuiInputBase-input-67 MuiInput-input-216 MuiInputBase-inputType-70 MuiInput-inputType-219"
                    disabled={false}
                    name="password"
                    onBlur={[Function]}
                    onChange={[Function]}
                    onFocus={[Function]}
                    required={false}
                    type="password"
                    value=""
                  />
                </div>
                
              </div>
              <div
                className="Login-btnBlock-185"
              >
                <button
                  className="MuiButtonBase-root-80 MuiButton-root-221 MuiButton-outlined-229"
                  disabled={false}
                  onBlur={[Function]}
                  onContextMenu={[Function]}
                  onFocus={[Function]}
                  onKeyDown={[Function]}
                  onKeyUp={[Function]}
                  onMouseDown={[Function]}
                  onMouseLeave={[Function]}
                  onMouseUp={[Function]}
                  onTouchEnd={[Function]}
                  onTouchMove={[Function]}
                  onTouchStart={[Function]}
                  tabIndex="0"
                  type="submit"
                >
                  <span
                    className="MuiButton-label-222"
                  >
                    Submit
                  </span>
                  <span
                    className="MuiTouchRipple-root-248"
                  />
                </button>
              </div>
            </form>
          </div>
        </div>
      </div>
    </div>
    <div
      className="Footer-root-247"
    >
      Made with 
      <i
        aria-hidden="true"
        class="fa fa-heart"
      />
      _by Victor Machimana
    </div>
  </div>
</div>
`;
